// Jest Snapshot v1, https://goo.gl/fbAQLP

exports[`<TrackCard /> should render and match the snapshot 1`] = `
<body>
  <div>
    <a
      href="/track/1445949267"
    >
      <div
        class="ant-card ant-card-bordered TrackCard__CustomCard-sc-10bk196-0 fYvImm"
        data-testid="track-card"
        shadow="0 0 10px 1px #D3D3D3"
      >
        <div
          class="ant-card-body"
        >
          <img
            class="TrackCard__Image-sc-10bk196-3 cVQUAq"
            src="https://is2-ssl.mzstatic.com/image/thumb/Music125/v4/4b/30/2c/4b302cb6-7a14-5464-4e97-0577e9d0be49/18UMGIM82277.rgb.jpg/100x100bb.jpg"
          />
          <div
            class="TrackCard__Wrapper-sc-10bk196-2 jYEldH"
          >
            <p
              class="T__StyledText-gjlic1-0 kYcyRq TrackCard__Text-sc-10bk196-1 hQCbRo"
              data-testid="track-name"
              title="Sunflower"
            >
              Sunflower
            </p>
            <p
              class="T__StyledText-gjlic1-0 kYcyRq TrackCard__Text-sc-10bk196-1 hQCbRo"
              data-testid="artist-name"
              title="Post Malone & Swae Lee"
            >
              Post Malone & Swae Lee
            </p>
            <button
              class="ant-btn ant-btn-icon-only TrackCard__CustomButton-sc-10bk196-4 gFdyeI"
              data-testid="track-control-button"
              padding="0.2"
              type="button"
            >
              <span
                aria-label="play-circle"
                class="anticon anticon-play-circle"
                role="img"
                style="font-size: 2rem;"
              >
                <svg
                  aria-hidden="true"
                  data-icon="play-circle"
                  fill="currentColor"
                  focusable="false"
                  height="1em"
                  viewBox="64 64 896 896"
                  width="1em"
                >
                  <path
                    d="M512 64C264.6 64 64 264.6 64 512s200.6 448 448 448 448-200.6 448-448S759.4 64 512 64zm0 820c-205.4 0-372-166.6-372-372s166.6-372 372-372 372 166.6 372 372-166.6 372-372 372z"
                  />
                  <path
                    d="M719.4 499.1l-296.1-215A15.9 15.9 0 00398 297v430c0 13.1 14.8 20.5 25.3 12.9l296.1-215a15.9 15.9 0 000-25.8zm-257.6 134V390.9L628.5 512 461.8 633.1z"
                  />
                </svg>
              </span>
            </button>
          </div>
          <audio
            class="TrackCard__StyledAudio-sc-10bk196-5 etPQVC"
            data-testid="audio"
            src="https://audio-ssl.itunes.apple.com/itunes-assets/AudioPreview112/v4/c4/1d/26/c41d2673-dd3f-f320-938f-79be41ae3841/mzaf_7670720480871265544.plus.aac.p.m4a"
          />
        </div>
      </div>
    </a>
  </div>
</body>
`;
